// Jest Snapshot v1, https://goo.gl/fbAQLP

exports[`Widget should render correctly 1`] = `
<div
  className=" widget-wrapper"
>
  <div />
</div>
`;
